// Jest Snapshot v1, https://goo.gl/fbAQLP

exports[`Folio Match snapshot 1`] = `"<client-only placeholder=\\"Loading...\\"><b-container></b-container></client-only>"`;
